(add){address addiction } (anc){anchor ancient ancestry } (ban){bannana bank bankruptcy } (ser){serious serial } (ver){very verizon verb } 

0 1 0 2 0 

0 0 0 1 0 

serious serial 
anchor ancient ancestry 
very verizon verb 
bannana bank bankruptcy 
address addiction 
