(be){best better bed beautiful bed beach } (he){hello herb heart } (mo){most modern movie } (pl){please plagiarism plural place } (sp){special speed spell spanish spark } (th){the thanks they } 

0 1 0 2 1 0 

0 0 0 0 -1 0 

the thanks they 
best better bed beautiful bed beach 
most modern movie 
hello herb heart 
special speed spell spanish spark 
please plagiarism plural place 
