(be){best better bed beautiful bed beach } (fo){football food } (he){hello herb heart } (in){install inspire instagram internet } (lo){long local love loan } (mo){most modern movie } (mu){music multiple } (pl){please plagiarism plural place } (re){red rent ready } (sp){special speed spell spanish spark } (th){the thanks they } 

1 0 2 0 3 1 0 2 0 1 0 

-1 0 1 0 0 -1 0 0 0 0 0 

the thanks they 
best better bed beautiful bed beach 
most modern movie 
hello herb heart 
special speed spell spanish spark 
please plagiarism plural place 
music multiple 
red rent ready 
install inspire instagram internet 
long local love loan 
football food 
